Optimizing Linkage Editor (V.9.05.01.000)         14-May-2018 22:15:57

*** Options ***

-subcommand=C:\WorkSpace\test80\test80\Release\test80.hlk
-noprelink
-nodebug
-rom=D=R
-nomessage
-list="C:\WorkSpace\test80\test80\Release\test80.map"
-optimize=string_unify,symbol_delete,register
-start=PResetPRG,PIntPRG/0400,P,C,C$DSEC,C$BSEC,D/0800,B,R/03000,S/0EBF0
-nologo
-total_size
-input="C:\WorkSpace\test80\test80\Release\bn.obj"
-input="C:\WorkSpace\test80\test80\Release\dbsct.obj"
-input="C:\WorkSpace\test80\test80\Release\lowlvl.obj"
-input="C:\WorkSpace\test80\test80\Release\pkcs_oaep.obj"
-input="C:\WorkSpace\test80\test80\Release\resetprg.obj"
-input="C:\WorkSpace\test80\test80\Release\rsa.obj"
-input="C:\WorkSpace\test80\test80\Release\sbrk.obj"
-input="C:\WorkSpace\test80\test80\Release\sha1.obj"
-input="C:\WorkSpace\test80\test80\Release\util.obj"
-library="C:\WorkSpace\test80\test80\Release\test80.lib"
-output="C:\WorkSpace\test80\test80\Release\test80.abs"
-end

*** Error information ***

** L1100 (W) Cannot find "PIntPRG" specified in option "start"

*** Mapping List ***

SECTION                            START      END         SIZE   ALIGN

$VECT0
                                  00000000  00000001         2   0
PResetPRG
                                  00000400  00000413        14   2
P
                                  00000800  00001f91      1792   2
C
                                  00001f92  00001fab        1a   2
C$DSEC
                                  00001fac  00001fb1         6   2
C$BSEC
                                  00001fb2  00001fb5         4   2
D
                                  00001fb6  000021fb       246   2
B
                                  00003000  0000e2b3      b2b4   2
R
                                  0000e2b4  0000e4f9       246   2
S
                                  0000ebf0  0000fbef      1000   2
