Optimizing Linkage Editor (V.9.05.01.000)         13-May-2018 12:43:49

*** Options ***

-subcommand=C:\WorkSpace\test80\test80\SimDebug_H8S-2000A\test80.hlk
-noprelink
-rom=D=R
-nomessage
-list="C:\WorkSpace\test80\test80\SimDebug_H8S-2000A\test80.map"
-nooptimize
-start=PResetPRG,PIntPRG/0400,P,C,C$DSEC,C$BSEC,D/0800,B,R/0FF7C00,S/0FFF9F0
-nologo
-input="C:\WorkSpace\test80\test80\SimDebug_H8S-2000A\bn.obj"
-input="C:\WorkSpace\test80\test80\SimDebug_H8S-2000A\dbsct.obj"
-input="C:\WorkSpace\test80\test80\SimDebug_H8S-2000A\hwsetup.obj"
-input="C:\WorkSpace\test80\test80\SimDebug_H8S-2000A\intprg.obj"
-input="C:\WorkSpace\test80\test80\SimDebug_H8S-2000A\lowlvl.obj"
-input="C:\WorkSpace\test80\test80\SimDebug_H8S-2000A\lowsrc.obj"
-input="C:\WorkSpace\test80\test80\SimDebug_H8S-2000A\pkcs_oaep.obj"
-input="C:\WorkSpace\test80\test80\SimDebug_H8S-2000A\resetprg.obj"
-input="C:\WorkSpace\test80\test80\SimDebug_H8S-2000A\rsa.obj"
-input="C:\WorkSpace\test80\test80\SimDebug_H8S-2000A\sbrk.obj"
-input="C:\WorkSpace\test80\test80\SimDebug_H8S-2000A\sha1.obj"
-input="C:\WorkSpace\test80\test80\SimDebug_H8S-2000A\util.obj"
-library="C:\WorkSpace\test80\test80\SimDebug_H8S-2000A\test80.lib"
-output="C:\WorkSpace\test80\test80\SimDebug_H8S-2000A\test80.abs"
-end

*** Error information ***

*** Mapping List ***

SECTION                            START      END         SIZE   ALIGN

$VECT0
                                  00000000  00000003         4   0
$VECT5
                                  00000014  00000017         4   0
$VECT7
                                  0000001c  0000001f         4   0
$VECT8
                                  00000020  00000023         4   0
$VECT9
                                  00000024  00000027         4   0
$VECT10
                                  00000028  0000002b         4   0
$VECT11
                                  0000002c  0000002f         4   0
$VECT16
                                  00000040  00000043         4   0
$VECT17
                                  00000044  00000047         4   0
$VECT18
                                  00000048  0000004b         4   0
$VECT19
                                  0000004c  0000004f         4   0
$VECT20
                                  00000050  00000053         4   0
$VECT21
                                  00000054  00000057         4   0
$VECT22
                                  00000058  0000005b         4   0
$VECT23
                                  0000005c  0000005f         4   0
$VECT24
                                  00000060  00000063         4   0
$VECT25
                                  00000064  00000067         4   0
$VECT26
                                  00000068  0000006b         4   0
$VECT28
                                  00000070  00000073         4   0
$VECT32
                                  00000080  00000083         4   0
$VECT33
                                  00000084  00000087         4   0
$VECT34
                                  00000088  0000008b         4   0
$VECT35
                                  0000008c  0000008f         4   0
$VECT36
                                  00000090  00000093         4   0
$VECT40
                                  000000a0  000000a3         4   0
$VECT41
                                  000000a4  000000a7         4   0
$VECT42
                                  000000a8  000000ab         4   0
$VECT43
                                  000000ac  000000af         4   0
$VECT44
                                  000000b0  000000b3         4   0
$VECT45
                                  000000b4  000000b7         4   0
$VECT46
                                  000000b8  000000bb         4   0
$VECT47
                                  000000bc  000000bf         4   0
$VECT48
                                  000000c0  000000c3         4   0
$VECT49
                                  000000c4  000000c7         4   0
$VECT50
                                  000000c8  000000cb         4   0
$VECT51
                                  000000cc  000000cf         4   0
$VECT52
                                  000000d0  000000d3         4   0
$VECT56
                                  000000e0  000000e3         4   0
$VECT57
                                  000000e4  000000e7         4   0
$VECT58
                                  000000e8  000000eb         4   0
$VECT59
                                  000000ec  000000ef         4   0
$VECT60
                                  000000f0  000000f3         4   0
$VECT61
                                  000000f4  000000f7         4   0
$VECT62
                                  000000f8  000000fb         4   0
$VECT63
                                  000000fc  000000ff         4   0
$VECT64
                                  00000100  00000103         4   0
$VECT65
                                  00000104  00000107         4   0
$VECT66
                                  00000108  0000010b         4   0
$VECT68
                                  00000110  00000113         4   0
$VECT69
                                  00000114  00000117         4   0
$VECT70
                                  00000118  0000011b         4   0
$VECT72
                                  00000120  00000123         4   0
$VECT73
                                  00000124  00000127         4   0
$VECT74
                                  00000128  0000012b         4   0
$VECT75
                                  0000012c  0000012f         4   0
$VECT80
                                  00000140  00000143         4   0
$VECT81
                                  00000144  00000147         4   0
$VECT82
                                  00000148  0000014b         4   0
$VECT83
                                  0000014c  0000014f         4   0
$VECT84
                                  00000150  00000153         4   0
$VECT85
                                  00000154  00000157         4   0
$VECT86
                                  00000158  0000015b         4   0
$VECT87
                                  0000015c  0000015f         4   0
$VECT88
                                  00000160  00000163         4   0
$VECT89
                                  00000164  00000167         4   0
$VECT90
                                  00000168  0000016b         4   0
$VECT91
                                  0000016c  0000016f         4   0
PResetPRG
                                  00000400  00000421        22   2
PIntPRG
                                  00000422  000004a5        84   2
P
                                  00000800  00008669      7e6a   2
C
                                  0000866a  00008cc1       658   2
C$DSEC
                                  00008cc2  00008ccd         c   2
C$BSEC
                                  00008cce  00008cd5         8   2
D
                                  00008cd6  000092b5       5e0   2
B
                                  00ff7c00  00ffbc29      402a   2
R
                                  00ffbc2a  00ffc209       5e0   2
S
                                  00fff9f0  00fffbef       200   2
